================================================================
  HEAPTRACK ANALYSIS
================================================================

  Analyzing alice.heaptrack...

  alice.heaptrack
  ============================================================
  Peak heap: 121.33M
  Peak RSS:  455.07M
  Leaked:    103.95M
  Runtime:   154.7s
  Allocs:    57,478,467 (371,591/s)

  Peak Memory by Subsystem:
  Subsystem                Peak     Calls
  ---------------- ------------  --------
  glutin                3.18 MB     36191
  slint                 2.32 MB   7377036
  tokio                 1.02 MB  16700379
  loro                939.32 KB  16648457
  femtovg             686.98 KB   3345251
  wayland             603.42 KB   3080085
  fontique            289.76 KB    270590
  mlua                275.42 KB     48069
  ractor              269.09 KB    145328

  Leaked Memory by Subsystem:
  Subsystem              Leaked     Calls
  ---------------- ------------  --------
  slint                19.85 MB     75504
  femtovg              19.85 MB     75504
  wayland              19.85 MB     75504
  loro                  6.82 MB     12298
  tokio                 6.82 MB     12298
  ractor                6.82 MB     12298
  glutin                3.18 MB     36191
  redb                  3.06 MB       342
  iroh                  3.02 MB         5
  quinn                 3.02 MB         5
  mlua                413.76 KB     48069
  fontique            331.97 KB       115
  serde_json           13.27 KB      2394

  Analyzing bob.heaptrack...

  bob.heaptrack
  ============================================================
  Peak heap: 225.23M
  Peak RSS:  544.17M
  Leaked:    197.94M
  Runtime:   134.2s
  Allocs:    31,351,762 (233,706/s)

  Peak Memory by Subsystem:
  Subsystem                Peak     Calls
  ---------------- ------------  --------
  slint                17.28 MB   5222048
  femtovg               4.59 MB   2043921
  wayland               4.11 MB   1984931
  tokio                 3.44 MB   7925362
  loro                  3.40 MB   7889002
  glutin                3.18 MB     36190
  serde_json          661.95 KB   3972131
  mlua                257.37 KB     47404
  ractor               75.37 KB    165066
  fontique              4.10 KB    151383

  Leaked Memory by Subsystem:
  Subsystem              Leaked     Calls
  ---------------- ------------  --------
  slint                20.43 MB    378706
  femtovg              19.81 MB     75506
  wayland              19.81 MB     75506
  loro                  3.26 MB    351569
  tokio                 3.26 MB    351569
  ractor                3.26 MB    131038
  glutin                3.18 MB     36190
  redb                  3.06 MB       342
  iroh                  3.02 MB         5
  quinn                 3.02 MB         5
  fontique            289.76 KB    106843
  mlua                273.69 KB     47404
  serde_json           13.27 KB      1541

  Analyzing carol.heaptrack...

  carol.heaptrack
  ============================================================
  Peak heap: 214.44M
  Peak RSS:  532.47M
  Leaked:    194.93M
  Runtime:   130.0s
  Allocs:    27,051,352 (208,114/s)

  Peak Memory by Subsystem:
  Subsystem                Peak     Calls
  ---------------- ------------  --------
  slint                15.31 MB   4359071
  femtovg               3.56 MB   1608976
  wayland               3.35 MB   1605662
  glutin                3.18 MB     36192
  tokio                 2.12 MB   6376960
  loro                  2.08 MB   6314664
  serde_json          663.08 KB   3184961
  fontique            289.76 KB    307143
  mlua                262.87 KB     47461
  ractor               75.34 KB    241734

  Leaked Memory by Subsystem:
  Subsystem              Leaked     Calls
  ---------------- ------------  --------
  slint                20.43 MB    352628
  femtovg              19.78 MB     75505
  wayland              19.78 MB     75505
  glutin                3.18 MB     36192
  redb                  3.06 MB       342
  iroh                  3.02 MB         5
  tokio                 3.02 MB         5
  quinn                 3.02 MB         5
  loro                  2.71 MB     14667
  ractor                2.71 MB     14593
  fontique            331.97 KB       115
  mlua                276.80 KB     47461
  serde_json           13.27 KB      2871

  Analyzing node.heaptrack...

  node.heaptrack
  ============================================================
  Peak heap: 80.81M
  Peak RSS:  213.50M
  Leaked:    18.17M
  Runtime:   123.9s
  Allocs:    10,060,236 (81,202/s)

  Peak Memory by Subsystem:
  Subsystem                Peak     Calls
  ---------------- ------------  --------
  tokio                 7.97 MB   1929264
  loro                  7.89 MB   1496318
  mlua                245.99 KB      7138
  ractor              162.39 KB   1034237

  Leaked Memory by Subsystem:
  Subsystem              Leaked     Calls
  ---------------- ------------  --------
  iroh                  3.02 MB         5
  tokio                 3.02 MB         5
  quinn                 3.02 MB         5
  loro                  2.49 MB    955277
  ractor                2.49 MB    909729
  redb                553.42 KB      9336
  mlua                223.21 KB      7138
  serde_json           38.55 KB     55271

  ============================================================
  SUMMARY
  Instance        Peak Heap       Leaked       Allocs
  ------------ ------------ ------------ ------------
  alice.heaptrack      121.33M      103.95M   57,478,467
  bob.heaptrack      225.23M      197.94M   31,351,762
  carol.heaptrack      214.44M      194.93M   27,051,352
  node.heaptrack       80.81M       18.17M   10,060,236

  Results saved to: /home/abe/osvauld/results/benchmark_20260216_215158/heap_analysis.json
