================================================================
  FLAMEGRAPH ANALYSIS
================================================================
  Files: alice, bob, carol, node
  Git: cff2502a

================================================================
  ALICE
================================================================
  Stacks: 182,786 application (199,559 total)

  Category Breakdown:
    iroh           49.5%  ########################
    ractor         28.1%  ##############
    loro           28.1%  ##############
    scribe         23.5%  ###########
    courier        14.5%  #######
    portmapper      8.0%  ####
    butler          1.3%  #
    gurkha          0.0%  #
    other           0.0%  #

  Application Hotspots (excluding idle loops):
     33.0%   loro_internal::loro::export
     17.2%   scribe::operations::handle_map_insert:scribe
     16.8%   loro_internal::diff_calc::CalcDiff
      4.7%   loro_internal::loro::commit_internal
      4.6%   loro_internal::diff_calc::DiffCalc
      4.1%   ractor::actor::Actor
      3.4%   iroh::endpoint::connect
      1.9%   iroh::socket::transports::poll_send
      1.5%  ...ange_store::mut_inner_kv::change_store insert_change
      1.5%   courier::peer_actor::send_message:courier
      1.5%  ...r::peer_actor::sync::protocol::on_sync_offer:courier
      1.5%   butler::services::auth_service::signup:butler
      1.2%  ...ync::subscription::handle_broadcast_received:courier
      0.9%  ...::peer_actor::sync::protocol::on_sync_accept:courier
      0.6%   butler::services::auth_service::login:butler

  handle_flush Breakdown:
     93.1%   loro_internal::loro::export
      6.7%   butler::scribe_storage::save_layer:butler
      0.2%   butler::scribe_storage::save_vectors:butler

  Loro CRDT Breakdown:
     33.0%   loro_internal::loro::export
     16.8%   loro_internal::diff_calc::CalcDiff
      4.7%   loro_internal::loro::commit_internal
      4.6%   loro_internal::diff_calc::DiffCalc
      1.5%  ...ange_store::mut_inner_kv::change_store insert_change
      0.6%  ...oro::update_oplog_and_apply_delta_to_state_if_needed
      0.3%   loro_internal::loro::_import_with
      0.3%   loro_internal::oplog::loro_dag::handle_new_change
      0.1%   loro_internal::state::apply_diff
      0.0%   loro_internal::state::apply diff on

================================================================
  BOB
================================================================
  Stacks: 150,965 application (161,958 total)

  Category Breakdown:
    iroh           69.0%  ##################################
    ractor         16.4%  ########
    scribe         14.2%  #######
    courier        13.4%  ######
    portmapper     11.2%  #####
    loro           10.3%  #####
    butler          1.3%  #
    gurkha          0.2%  #
    other           0.0%  #

  Application Hotspots (excluding idle loops):
     17.9%   loro_internal::diff_calc::CalcDiff
     16.3%   loro_internal::loro::export
     13.8%  ...er_actor::subscribe::handle_layer_permit_ack:courier
      6.1%   loro_internal::diff_calc::DiffCalc
      5.6%   scribe::operations::handle_map_insert:scribe
      3.7%   iroh::endpoint::connect
      3.1%  ...r::peer_actor::sync::protocol::on_sync_offer:courier
      2.9%   iroh::socket::transports::poll_send
      2.7%   ractor::actor::Actor
      2.6%   loro_internal::loro::commit_internal
      2.4%  ...oro::update_oplog_and_apply_delta_to_state_if_needed
      2.1%  ...eer_actor::subscribe::on_layer_subscribe_ack:courier
      2.1%   loro_internal::loro::_import_with
      1.7%   scribe::sync::apply::handle_apply_update:scribe
      1.5%   butler::services::auth_service::signup:butler

  handle_flush Breakdown:
     91.4%   loro_internal::loro::export
      8.3%   butler::scribe_storage::save_layer:butler
      0.3%   butler::scribe_storage::save_vectors:butler

  Loro CRDT Breakdown:
     17.9%   loro_internal::diff_calc::CalcDiff
     16.3%   loro_internal::loro::export
      6.1%   loro_internal::diff_calc::DiffCalc
      2.6%   loro_internal::loro::commit_internal
      2.4%  ...oro::update_oplog_and_apply_delta_to_state_if_needed
      2.1%   loro_internal::loro::_import_with
      0.8%  ...ange_store::mut_inner_kv::change_store insert_change
      0.2%   loro_internal::oplog::loro_dag::handle_new_change
      0.2%   loro_internal::state::apply_diff
      0.1%   loro_internal::state::apply diff on

================================================================
  CAROL
================================================================
  Stacks: 153,607 application (164,992 total)

  Category Breakdown:
    iroh           62.1%  ###############################
    portmapper     19.9%  #########
    ractor         14.3%  #######
    scribe         11.8%  #####
    courier        11.1%  #####
    loro           10.9%  #####
    butler          1.0%  #
    gurkha          0.2%  #
    other           0.0%  #

  Application Hotspots (excluding idle loops):
     22.7%   loro_internal::diff_calc::CalcDiff
     18.4%   loro_internal::loro::export
      7.6%   scribe::operations::handle_map_insert:scribe
      6.1%   loro_internal::diff_calc::DiffCalc
      5.8%  ...er_actor::subscribe::handle_layer_permit_ack:courier
      3.9%  ...r::peer_actor::sync::protocol::on_sync_offer:courier
      3.8%   loro_internal::loro::commit_internal
      3.7%   iroh::socket::transports::poll_send
      3.4%   ractor::actor::Actor
      3.2%   iroh::endpoint::connect
      2.3%  ...oro::update_oplog_and_apply_delta_to_state_if_needed
      1.7%   butler::services::auth_service::signup:butler
      1.4%  ...eer_actor::subscribe::on_layer_subscribe_ack:courier
      1.4%   loro_internal::loro::_import_with
      1.2%   courier::peer_actor::send_message:courier

  handle_flush Breakdown:
     91.5%   loro_internal::loro::export
      8.2%   butler::scribe_storage::save_layer:butler
      0.3%   butler::scribe_storage::save_vectors:butler

  Loro CRDT Breakdown:
     22.7%   loro_internal::diff_calc::CalcDiff
     18.4%   loro_internal::loro::export
      6.1%   loro_internal::diff_calc::DiffCalc
      3.8%   loro_internal::loro::commit_internal
      2.3%  ...oro::update_oplog_and_apply_delta_to_state_if_needed
      1.4%   loro_internal::loro::_import_with
      0.9%  ...ange_store::mut_inner_kv::change_store insert_change
      0.3%   loro_internal::oplog::loro_dag::handle_new_change
      0.1%   loro_internal::state::apply diff on
      0.1%   loro_internal::state::apply_diff

================================================================
  NODE
================================================================
  Stacks: 243,212 application (267,316 total)

  Category Breakdown:
    iroh           67.8%  #################################
    ractor         18.5%  #########
    courier        17.5%  ########
    scribe         13.9%  ######
    portmapper     13.5%  ######
    loro           10.6%  #####
    butler          1.2%  #
    gurkha          0.5%  #

  Application Hotspots (excluding idle loops):
     21.0%  ...oro::update_oplog_and_apply_delta_to_state_if_needed
     14.0%   loro_internal::diff_calc::CalcDiff
      8.7%   iroh::socket::transports::poll_send
      7.2%   iroh::protocol::router.accept
      7.1%   loro_internal::loro::export
      5.7%  ...ync::subscription::handle_broadcast_received:courier
      5.3%   scribe::sync::apply::get_peer_role:scribe
      4.7%  ...r::peer_actor::sync::protocol::on_sync_offer:courier
      3.0%   loro_internal::diff_calc::DiffCalc
      2.8%   courier::peer_actor::send_message:courier
      2.2%   gurkha::service::issue_layer_permit:gurkha
      2.0%   courier::peer_actor::handle_protocol_message:courier
      1.6%  ...::peer_actor::sync::protocol::on_sync_accept:courier
      1.4%   ractor::actor::Actor
      1.4%   scribe::sync::apply::handle_apply_update:scribe

  handle_flush Breakdown:
     93.3%   loro_internal::loro::export
      6.2%   butler::scribe_storage::save_layer:butler
      0.5%   butler::scribe_storage::save_vectors:butler

  Loro CRDT Breakdown:
     21.0%  ...oro::update_oplog_and_apply_delta_to_state_if_needed
     14.0%   loro_internal::diff_calc::CalcDiff
      7.1%   loro_internal::loro::export
      3.0%   loro_internal::diff_calc::DiffCalc
      1.0%   loro_internal::loro::commit_internal
      0.9%   loro_internal::loro::_import_with
      0.2%   loro_internal::oplog::loro_dag::handle_new_change
      0.2%  ...ange_store::mut_inner_kv::change_store insert_change
      0.1%   loro_internal::state::apply diff on
      0.1%   loro_internal::state::apply_diff

  Analysis saved to: /home/abe/osvauld/results/benchmark_20260216_211505/flame_analysis.json

